// Jest Snapshot v1, https://goo.gl/fbAQLP

exports[`ReduxNetworkProvider render has the correct structure 1`] = `
<Context.Consumer>
  [Function]
</Context.Consumer>
`;
